  2026-04-28 14:10:47 App\Events\TransactionApproved ................. RUNNING
  2026-04-28 14:10:48 App\Events\TransactionApproved ........... 690.29ms DONE
  2026-04-28 14:10:48 App\Events\TransactionApproved ................. RUNNING
  2026-04-28 14:10:48 App\Events\TransactionApproved ........... 122.31ms DONE
  2026-04-28 14:10:48 App\Listeners\NotifyLandlordOfPayment .......... RUNNING
  2026-04-28 14:10:50 App\Listeners\NotifyLandlordOfPayment .......... 1s DONE
  2026-04-28 14:10:50 App\Listeners\NotifyLandlordOfPayment .......... RUNNING
  2026-04-28 14:10:50 App\Listeners\NotifyLandlordOfPayment .... 721.81ms DONE
  2026-04-28 14:10:50 App\Listeners\NotifyLandlordOfPayment .......... RUNNING
  2026-04-28 14:10:51 App\Listeners\NotifyLandlordOfPayment .... 735.86ms DONE
  2026-04-28 14:10:51 App\Listeners\NotifyLandlordOfPayment .......... RUNNING
  2026-04-28 14:10:52 App\Listeners\NotifyLandlordOfPayment .... 754.66ms DONE
  2026-04-28 14:10:52 App\Listeners\NotifyLandlordOfPayment .......... RUNNING
  2026-04-28 14:10:53 App\Listeners\NotifyLandlordOfPayment .... 821.55ms DONE
  2026-04-28 14:10:53 App\Listeners\NotifyLandlordOfPayment .......... RUNNING
  2026-04-28 14:10:54 App\Listeners\NotifyLandlordOfPayment .... 737.73ms DONE
  2026-04-28 16:23:45 App\Events\TransactionApproved ................. RUNNING
  2026-04-28 16:23:45 App\Events\TransactionApproved ........... 546.68ms DONE
  2026-04-28 16:47:25 App\Events\TransactionApproved ................. RUNNING
  2026-04-28 16:47:25 App\Events\TransactionApproved ........... 526.65ms DONE
  2026-04-28 16:52:46 App\Events\TransactionApproved ................. RUNNING
  2026-04-28 16:52:47 App\Events\TransactionApproved ........... 521.19ms DONE
  2026-04-28 16:54:05 App\Listeners\NotifyLandlordOfPayment .......... RUNNING
  2026-04-28 16:54:06 App\Listeners\NotifyLandlordOfPayment .... 749.79ms DONE
  2026-04-28 16:54:06 App\Listeners\NotifyLandlordOfPayment .......... RUNNING
  2026-04-28 16:54:07 App\Listeners\NotifyLandlordOfPayment .... 738.56ms DONE
